// Jest Snapshot v1, https://goo.gl/fbAQLP

exports[`Body should render body correctly 1`] = `
<DocumentFragment>
  <div
    class="body-content"
  >
    <div
      class="body-content-container"
    >
      <p>
        :((
      </p>
      <p>
        seems a bit empty in here..
      </p>
    </div>
    <div
      class="button-container"
    >
      <button
        class="sync-button"
        data-testid="sync-button"
      >
        sync
      </button>
    </div>
  </div>
</DocumentFragment>
`;
